// Jest Snapshot v1, https://goo.gl/fbAQLP

exports[`Pruebas en <GifItem/> Match con el Snapshot 1`] = `
<div>
  <div
    class="card"
  >
    <img
      alt="Dragon ball"
      src="https://media0.giphy.com/media/VXJWhaO7afRe/giphy.gif?cid=46f5858dmmeg5wh2wigtfmbc7mkh2ayb7uyfm72hbjxlzyqt&ep=v1_gifs_search&rid=giphy.gif&ct=g"
    />
    <p>
      Dragon ball
    </p>
  </div>
</div>
`;
